#-----------------------------------------------------------
# Vivado v2023.1 (64-bit)
# SW Build 3865809 on Sun May  7 15:05:29 MDT 2023
# IP Build 3864474 on Sun May  7 20:36:21 MDT 2023
# SharedData Build 3865790 on Sun May 07 13:33:03 MDT 2023
# Start of session at: Tue Jan 23 10:58:33 2024
# Process ID: 2536
# Current directory: C:/Users/LENOVO/OneDrive/Desktop/VERILOG CODES/UpCounter_4bit
# Command line: vivado.exe -gui_launcher_event rodinguilauncherevent4880 C:\Users\LENOVO\OneDrive\Desktop\VERILOG CODES\UpCounter_4bit\UpCounter_4bit.xpr
# Log file: C:/Users/LENOVO/OneDrive/Desktop/VERILOG CODES/UpCounter_4bit/vivado.log
# Journal file: C:/Users/LENOVO/OneDrive/Desktop/VERILOG CODES/UpCounter_4bit\vivado.jou
# Running On: DESKTOP-J43HL73, OS: Windows, CPU Frequency: 2496 MHz, CPU Physical cores: 10, Host memory: 8258 MB
#-----------------------------------------------------------
start_gui
open_project {C:/Users/LENOVO/OneDrive/Desktop/VERILOG CODES/UpCounter_4bit/UpCounter_4bit.xpr}
update_compile_order -fileset sources_1
